app/(root)/account/orders/page.tsx(69,25): error TS2322: Type 'ObjectId' is not assignable to type 'Key | null | undefined'.
app/(root)/account/orders/page.tsx(72,31): error TS2345: Argument of type 'ObjectId' is not assignable to parameter of type 'string'.
app/(root)/account/wishlist/wishlist-client.tsx(42,15): error TS2322: Type 'ObjectId' is not assignable to type 'Key | null | undefined'.
app/(root)/page/[slug]/page.tsx(36,5): error TS2322: Type '{ title: string; description: string; url: string; type: "article"; publishedTime: Date; images: { url: string; width: number; height: number; alt: string; }[]; }' is not assignable to type 'OpenGraph | null | undefined'.
  Types of property 'publishedTime' are incompatible.
    Type 'Date' is not assignable to type 'string'.
app/admin/affiliates/page.tsx(76,16): error TS18048: 'statsData.data' is possibly 'undefined'.
app/admin/affiliates/page.tsx(80,23): error TS2322: Type '{ statusStats: { total: number; approved: number; pending: number; rejected: number; }; periodLeaderboard: any; totalEarnedInPeriod: any; totalDue: any; monthlyPayouts: any; allTimeLeaderboard: any; } | undefined' is not assignable to type '{ periodLeaderboard: LeaderboardEntry[]; totalEarnedInPeriod: number; totalDue: number; monthlyPayouts: MonthlyPayout[]; allTimeLeaderboard: LeaderboardEntry[]; }'.
  Type 'undefined' is not assignable to type '{ periodLeaderboard: LeaderboardEntry[]; totalEarnedInPeriod: number; totalDue: number; monthlyPayouts: MonthlyPayout[]; allTimeLeaderboard: LeaderboardEntry[]; }'.
app/admin/affiliates/page.tsx(83,9): error TS2322: Type '{ _id: string; createdAt: string; updatedAt: string; user: { _id: any; }; affiliateCode: string; status: "pending" | "approved" | "rejected"; earningsBalance: number; totalEarnings: number; ... 62 more ...; __v: number; }[] | undefined' is not assignable to type 'any[]'.
  Type 'undefined' is not assignable to type 'any[]'.
app/admin/affiliates/page.tsx(84,9): error TS2322: Type 'number | undefined' is not assignable to type 'number'.
  Type 'undefined' is not assignable to type 'number'.
app/admin/affiliates/page.tsx(86,9): error TS2322: Type 'number | undefined' is not assignable to type 'number'.
  Type 'undefined' is not assignable to type 'number'.
app/admin/blogs/[id]/page.tsx(28,33): error TS2740: Type 'SerializedBlog' is missing the following properties from type 'IBlog': publishedAt, $assertPopulated, $clearModifiedPaths, $clone, and 52 more.
app/admin/brands/page.tsx(94,16): error TS2352: Conversion of type '{ _id: string; name: string; slug: string; description?: string | undefined; isFeatured?: boolean | undefined; image?: string | undefined; logo?: string | undefined; seoTitle?: string | undefined; ... 62 more ...; __v: number; }[]' to type 'IBrand[]' may be a mistake because neither type sufficiently overlaps with the other. If this was intentional, convert the expression to 'unknown' first.
  Type '{ _id: string; name: string; slug: string; description?: string | undefined; isFeatured?: boolean | undefined; image?: string | undefined; logo?: string | undefined; seoTitle?: string | undefined; seoDescription?: string | undefined; seoKeywords?: string[] | undefined; createdAt: Date; ... 59 more ...; __v: number; }' is not comparable to type 'IBrand'.
    Types of property '_id' are incompatible.
      Type 'string' is not comparable to type 'ObjectId'.
app/admin/brands/page.tsx(95,32): error TS2352: Conversion of type 'ObjectId' to type 'string' may be a mistake because neither type sufficiently overlaps with the other. If this was intentional, convert the expression to 'unknown' first.
app/admin/brands/page.tsx(97,31): error TS2352: Conversion of type 'ObjectId' to type 'string' may be a mistake because neither type sufficiently overlaps with the other. If this was intentional, convert the expression to 'unknown' first.
app/admin/brands/page.tsx(103,37): error TS2322: Type 'string | undefined' is not assignable to type 'string | StaticImport'.
  Type 'undefined' is not assignable to type 'string | StaticImport'.
app/admin/brands/page.tsx(125,41): error TS2352: Conversion of type 'ObjectId' to type 'string' may be a mistake because neither type sufficiently overlaps with the other. If this was intentional, convert the expression to 'unknown' first.
app/admin/categories/[id]/page.tsx(43,11): error TS2322: Type 'ICategory' is not assignable to type 'Partial<{ name: string; slug: string; isFeatured: boolean; description?: string | undefined; image?: string | undefined; parent?: string | null | undefined; seoTitle?: string | undefined; seoDescription?: string | undefined; seoKeywords?: string[] | undefined; }>'.
  Types of property 'parent' are incompatible.
    Type 'ObjectId | null | undefined' is not assignable to type 'string | null | undefined'.
      Type 'ObjectId' is not assignable to type 'string'.
app/admin/categories/page.tsx(93,32): error TS2352: Conversion of type 'ObjectId' to type 'string' may be a mistake because neither type sufficiently overlaps with the other. If this was intentional, convert the expression to 'unknown' first.
app/admin/categories/page.tsx(95,31): error TS2352: Conversion of type 'ObjectId' to type 'string' may be a mistake because neither type sufficiently overlaps with the other. If this was intentional, convert the expression to 'unknown' first.
app/admin/categories/page.tsx(119,41): error TS2352: Conversion of type 'ObjectId' to type 'string' may be a mistake because neither type sufficiently overlaps with the other. If this was intentional, convert the expression to 'unknown' first.
app/admin/dashboard-sidebar.tsx(151,42): error TS2322: Type '{ name: string; url: string; icon: ForwardRefExoticComponent<IconProps & RefAttributes<SVGSVGElement>>; }[]' is not assignable to type '{ title: string; url: string; icon: Icon; }[]'.
  Property 'title' is missing in type '{ name: string; url: string; icon: React.ForwardRefExoticComponent<IconProps & React.RefAttributes<SVGSVGElement>>; }' but required in type '{ title: string; url: string; icon: Icon; }'.
app/admin/dashboard-sidebar.tsx(152,37): error TS2322: Type '{ name: string; url: string; icon: ForwardRefExoticComponent<IconProps & RefAttributes<SVGSVGElement>>; }[]' is not assignable to type '{ title: string; url: string; icon: Icon; }[]'.
  Property 'title' is missing in type '{ name: string; url: string; icon: React.ForwardRefExoticComponent<IconProps & React.RefAttributes<SVGSVGElement>>; }' but required in type '{ title: string; url: string; icon: Icon; }'.
app/admin/payouts/page.tsx(70,20): error TS2322: Type '{ total: { count: number; amount: number; }; paid: { count: number; amount: number; }; pending: { count: number; amount: number; }; processing: { count: number; amount: number; }; rejected: { count: number; amount: number; }; } | undefined' is not assignable to type '{ total: { count: number; amount: number; }; paid: { count: number; amount: number; }; pending: { count: number; amount: number; }; processing: { count: number; amount: number; }; rejected: { count: number; amount: number; }; }'.
  Type 'undefined' is not assignable to type '{ total: { count: number; amount: number; }; paid: { count: number; amount: number; }; pending: { count: number; amount: number; }; processing: { count: number; amount: number; }; rejected: { count: number; amount: number; }; }'.
app/admin/payouts/page.tsx(74,9): error TS2322: Type 'number | undefined' is not assignable to type 'number'.
  Type 'undefined' is not assignable to type 'number'.
app/admin/payouts/page.tsx(76,9): error TS2322: Type 'number | undefined' is not assignable to type 'number'.
  Type 'undefined' is not assignable to type 'number'.
app/admin/products/[id]/page.tsx(48,23): error TS2352: Conversion of type '{ _id: string; name: string; }[]' to type 'ICategory[]' may be a mistake because neither type sufficiently overlaps with the other. If this was intentional, convert the expression to 'unknown' first.
  Type '{ _id: string; name: string; }' is missing the following properties from type 'ICategory': slug, createdAt, updatedAt, $assertPopulated, and 54 more.
app/admin/products/[id]/page.tsx(49,19): error TS2352: Conversion of type '(FlattenMaps<IBrand> & Required<{ _id: ObjectId; }> & { __v: number; })[]' to type 'IBrand[]' may be a mistake because neither type sufficiently overlaps with the other. If this was intentional, convert the expression to 'unknown' first.
  Type 'FlattenMaps<IBrand> & Required<{ _id: ObjectId; }> & { __v: number; }' is not comparable to type 'IBrand'.
    The types of 'collection.db.client' are incompatible between these types.
      Type 'FlattenMaps<MongoClient>' is missing the following properties from type 'MongoClient': driverInfoList, _close
app/admin/tags/page.tsx(92,16): error TS2352: Conversion of type '{ _id: string; id: string; name: string; slug: string; image: string; description?: string | undefined; createdAt: Date; updatedAt: Date; $assertPopulated: <Paths = {}>(path: string | string[], values?: Partial<...> | undefined) => Omit<...> & Paths; ... 56 more ...; __v: number; }[]' to type 'ITag[]' may be a mistake because neither type sufficiently overlaps with the other. If this was intentional, convert the expression to 'unknown' first.
  Type '{ _id: string; id: string; name: string; slug: string; image: string; description?: string | undefined; createdAt: Date; updatedAt: Date; $assertPopulated: <Paths = {}>(path: string | string[], values?: Partial<Paths> | undefined) => Omit<...> & Paths; ... 56 more ...; __v: number; }' is not comparable to type 'ITag'.
    Types of property '_id' are incompatible.
      Type 'string' is not comparable to type 'ObjectId'.
app/admin/users/[id]/user-edit-form.tsx(37,5): error TS2322: Type 'IUser' is not assignable to type 'AsyncDefaultValues<{ name: string; _id: string; email: string; role: string; }> | { name?: string | undefined; _id?: string | undefined; email?: string | undefined; role?: string | undefined; } | undefined'.
  Type 'IUser' is not assignable to type '{ name?: string | undefined; _id?: string | undefined; email?: string | undefined; role?: string | undefined; }'.
    Types of property '_id' are incompatible.
      Type 'ObjectId' is not assignable to type 'string'.
app/admin/users/[id]/user-edit-form.tsx(44,9): error TS2322: Type 'ObjectId' is not assignable to type 'string'.
app/admin/users/[id]/user-edit-form.tsx(64,37): error TS2345: Argument of type '(values: { name: string; _id: string; email: string; role: string; }) => Promise<void>' is not assignable to parameter of type 'SubmitHandler<TFieldValues>'.
  Types of parameters 'values' and 'data' are incompatible.
    Type 'TFieldValues' is not assignable to type '{ name: string; _id: string; email: string; role: string; }'.
      Type 'FieldValues' is missing the following properties from type '{ name: string; _id: string; email: string; role: string; }': name, _id, email, role
app/admin/users/[id]/user-edit-form.tsx(69,13): error TS2322: Type 'Control<{ name: string; _id: string; email: string; role: string; }, any, TFieldValues>' is not assignable to type 'Control<{ name: string; _id: string; email: string; role: string; }, any, { name: string; _id: string; email: string; role: string; }>'.
  The types of '_options.resolver' are incompatible between these types.
    Type 'Resolver<{ name: string; _id: string; email: string; role: string; }, any, TFieldValues> | undefined' is not assignable to type 'Resolver<{ name: string; _id: string; email: string; role: string; }, any, { name: string; _id: string; email: string; role: string; }> | undefined'.
      Type 'Resolver<{ name: string; _id: string; email: string; role: string; }, any, TFieldValues>' is not assignable to type 'Resolver<{ name: string; _id: string; email: string; role: string; }, any, { name: string; _id: string; email: string; role: string; }>'.
        Type 'ResolverResult<{ name: string; _id: string; email: string; role: string; }, TFieldValues> | Promise<ResolverResult<{ name: string; _id: string; email: string; role: string; }, TFieldValues>>' is not assignable to type 'ResolverResult<{ name: string; _id: string; email: string; role: string; }, { name: string; _id: string; email: string; role: string; }> | Promise<ResolverResult<{ name: string; _id: string; email: string; role: string; }, { ...; }>>'.
          Type 'ResolverSuccess<TFieldValues>' is not assignable to type 'ResolverResult<{ name: string; _id: string; email: string; role: string; }, { name: string; _id: string; email: string; role: string; }> | Promise<ResolverResult<{ name: string; _id: string; email: string; role: string; }, { ...; }>>'.
            Type 'ResolverSuccess<TFieldValues>' is not assignable to type 'ResolverSuccess<{ name: string; _id: string; email: string; role: string; }>'.
              Type 'TFieldValues' is not assignable to type '{ name: string; _id: string; email: string; role: string; }'.
                Type 'FieldValues' is missing the following properties from type '{ name: string; _id: string; email: string; role: string; }': name, _id, email, role
app/admin/users/[id]/user-edit-form.tsx(82,13): error TS2322: Type 'Control<{ name: string; _id: string; email: string; role: string; }, any, TFieldValues>' is not assignable to type 'Control<{ name: string; _id: string; email: string; role: string; }, any, { name: string; _id: string; email: string; role: string; }>'.
  The types of '_options.resolver' are incompatible between these types.
    Type 'Resolver<{ name: string; _id: string; email: string; role: string; }, any, TFieldValues> | undefined' is not assignable to type 'Resolver<{ name: string; _id: string; email: string; role: string; }, any, { name: string; _id: string; email: string; role: string; }> | undefined'.
      Type 'Resolver<{ name: string; _id: string; email: string; role: string; }, any, TFieldValues>' is not assignable to type 'Resolver<{ name: string; _id: string; email: string; role: string; }, any, { name: string; _id: string; email: string; role: string; }>'.
        Type 'ResolverResult<{ name: string; _id: string; email: string; role: string; }, TFieldValues> | Promise<ResolverResult<{ name: string; _id: string; email: string; role: string; }, TFieldValues>>' is not assignable to type 'ResolverResult<{ name: string; _id: string; email: string; role: string; }, { name: string; _id: string; email: string; role: string; }> | Promise<ResolverResult<{ name: string; _id: string; email: string; role: string; }, { ...; }>>'.
          Type 'ResolverSuccess<TFieldValues>' is not assignable to type 'ResolverResult<{ name: string; _id: string; email: string; role: string; }, { name: string; _id: string; email: string; role: string; }> | Promise<ResolverResult<{ name: string; _id: string; email: string; role: string; }, { ...; }>>'.
            Type 'ResolverSuccess<TFieldValues>' is not assignable to type 'ResolverSuccess<{ name: string; _id: string; email: string; role: string; }>'.
              Type 'TFieldValues' is not assignable to type '{ name: string; _id: string; email: string; role: string; }'.
                Type 'FieldValues' is missing the following properties from type '{ name: string; _id: string; email: string; role: string; }': name, _id, email, role
app/admin/users/[id]/user-edit-form.tsx(97,13): error TS2322: Type 'Control<{ name: string; _id: string; email: string; role: string; }, any, TFieldValues>' is not assignable to type 'Control<{ name: string; _id: string; email: string; role: string; }, any, { name: string; _id: string; email: string; role: string; }>'.
  The types of '_options.resolver' are incompatible between these types.
    Type 'Resolver<{ name: string; _id: string; email: string; role: string; }, any, TFieldValues> | undefined' is not assignable to type 'Resolver<{ name: string; _id: string; email: string; role: string; }, any, { name: string; _id: string; email: string; role: string; }> | undefined'.
      Type 'Resolver<{ name: string; _id: string; email: string; role: string; }, any, TFieldValues>' is not assignable to type 'Resolver<{ name: string; _id: string; email: string; role: string; }, any, { name: string; _id: string; email: string; role: string; }>'.
        Type 'ResolverResult<{ name: string; _id: string; email: string; role: string; }, TFieldValues> | Promise<ResolverResult<{ name: string; _id: string; email: string; role: string; }, TFieldValues>>' is not assignable to type 'ResolverResult<{ name: string; _id: string; email: string; role: string; }, { name: string; _id: string; email: string; role: string; }> | Promise<ResolverResult<{ name: string; _id: string; email: string; role: string; }, { ...; }>>'.
          Type 'ResolverSuccess<TFieldValues>' is not assignable to type 'ResolverResult<{ name: string; _id: string; email: string; role: string; }, { name: string; _id: string; email: string; role: string; }> | Promise<ResolverResult<{ name: string; _id: string; email: string; role: string; }, { ...; }>>'.
            Type 'ResolverSuccess<TFieldValues>' is not assignable to type 'ResolverSuccess<{ name: string; _id: string; email: string; role: string; }>'.
              Type 'TFieldValues' is not assignable to type '{ name: string; _id: string; email: string; role: string; }'.
                Type 'FieldValues' is missing the following properties from type '{ name: string; _id: string; email: string; role: string; }': name, _id, email, role
app/admin/web-pages/[id]/page.tsx(28,17): error TS2322: Type 'ObjectId' is not assignable to type 'ReactNode'.
app/admin/web-pages/[id]/page.tsx(32,54): error TS2322: Type 'ObjectId' is not assignable to type 'string'.
app/checkout/[id]/page.tsx(35,7): error TS2322: Type 'SerializedOrder' is not assignable to type 'IOrder'.
  Types of property '_id' are incompatible.
    Type 'string' is not assignable to type 'ObjectId'.
app/checkout/layout.tsx(16,12): error TS2339: Property 'isMaintenanceMode' does not exist on type '{ name: string; description: string; email: string; phone: string; address: string; url: string; logo: string; slogan: string; keywords: string; author: string; copyright: string; }'.
components/shared/blog/blog-slider.tsx(44,25): error TS2322: Type '{ _id: string; title: string; slug: string; content: string; category: string; tags: string[]; createdAt: string | Date; }' is not assignable to type 'BlogCardProps'.
  Types of property 'createdAt' are incompatible.
    Type 'string | Date' is not assignable to type 'string'.
      Type 'Date' is not assignable to type 'string'.
components/shared/blog/share-blog.tsx(214,12): error TS2774: This condition will always return true since this function is always defined. Did you mean to call it instead?
components/shared/header/search.tsx(47,42): error TS2345: Argument of type '{ query: string; category: string; limit: number; page: number; tag: string; brand: string; color: string; size: string; }' is not assignable to parameter of type '{ query: string; category: string; tag: string; brand: string; gender: string; color: string; size: string; limit?: number | undefined; page: number; price?: string | undefined; rating?: string | undefined; sort?: string | undefined; }'.
  Property 'gender' is missing in type '{ query: string; category: string; limit: number; page: number; tag: string; brand: string; color: string; size: string; }' but required in type '{ query: string; category: string; tag: string; brand: string; gender: string; color: string; size: string; limit?: number | undefined; page: number; price?: string | undefined; rating?: string | undefined; sort?: string | undefined; }'.
components/shared/markdown-renderer.tsx(66,17): error TS2322: Type 'string | Blob' is not assignable to type 'string | StaticImport'.
  Type 'Blob' is not assignable to type 'string | StaticImport'.
components/shared/media-uploader.tsx(125,16): error TS2345: Argument of type '(prev: MediaItem[]) => { url: string; type: string; }[]' is not assignable to parameter of type 'SetStateAction<MediaItem[]>'.
  Type '(prev: MediaItem[]) => { url: string; type: string; }[]' is not assignable to type '(prevState: MediaItem[]) => MediaItem[]'.
    Type '{ url: string; type: string; }[]' is not assignable to type 'MediaItem[]'.
      Type '{ url: string; type: string; }' is not assignable to type 'MediaItem'.
        Types of property 'type' are incompatible.
          Type 'string' is not assignable to type 'MediaType'.
components/shared/media-uploader.tsx(143,5): error TS2322: Type '(files: File[], input?: undefined) => Promise<ClientUploadedFileData<{ uploadedBy: string; fileUrl: string; } | { uploadedBy: string; fileUrl: string; } | { uploadedBy: string; fileUrl: string; } | { uploadedBy: string; fileUrl: string; } | { ...; } | { ...; }>[] | undefined>' is not assignable to type '<T extends File>(acceptedFiles: T[], fileRejections: FileRejection[], event: DropEvent) => void'.
  Types of parameters 'input' and 'fileRejections' are incompatible.
    Type 'FileRejection[]' is not assignable to type 'undefined'.
components/shared/navigation/critical-routes-prefetch.tsx(28,30): error TS2339: Property 'setTimeout' does not exist on type 'never'.
components/shared/order/order-status-badge.tsx(4,7): error TS2741: Property 'return_requested' is missing in type '{ pending: JSX.Element; confirmed: JSX.Element; processing: JSX.Element; packed: JSX.Element; shipped: JSX.Element; out_for_delivery: JSX.Element; delivered: JSX.Element; cancelled: JSX.Element; returned: JSX.Element; delivery_exception: JSX.Element; }' but required in type 'Record<"pending" | "confirmed" | "processing" | "packed" | "shipped" | "out_for_delivery" | "delivered" | "cancelled" | "returned" | "return_requested" | "delivery_exception", ReactNode>'.
components/shared/product/product-slider.tsx(32,15): error TS2322: Type 'ObjectId' is not assignable to type 'Key | null | undefined'.
components/shared/product/share-product.tsx(104,12): error TS2774: This condition will always return true since this function is always defined. Did you mean to call it instead?
components/shared/textarea.tsx(12,6): error TS2322: Type '{ autoComplete?: string | undefined; cols?: number | undefined; dirName?: string | undefined; disabled?: boolean | undefined; form?: string | undefined; maxLength?: number | undefined; ... 288 more ...; className: string; }' is not assignable to type 'TextareaAutosizeProps'.
  Types of property 'style' are incompatible.
    Type 'CSSProperties | undefined' is not assignable to type 'Style | undefined'.
      Type 'CSSProperties' is not assignable to type 'Style'.
        Type 'Properties<string | number, string & {}>' is not assignable to type '{ height?: number | undefined; }'.
          Types of property 'height' are incompatible.
            Type 'Height<string | number> | undefined' is not assignable to type 'number | undefined'.
              Type 'string' is not assignable to type 'number'.
hooks/use-cart-store.ts(7,7): error TS2741: Property 'discount' is missing in type '{ items: never[]; itemsPrice: number; taxPrice: undefined; shippingPrice: undefined; totalPrice: number; paymentMethod: undefined; shippingAddress: undefined; deliveryDateIndex: undefined; }' but required in type '{ items: { name: string; category: string; price: number; product: string; image: string; slug: string; countInStock: number; clientId: string; quantity: number; color?: string | undefined; size?: string | undefined; }[]; ... 10 more ...; selectedDeliveryPlace?: string | undefined; }'.
lib/actions/blog.actions.ts(123,5): error TS2554: Expected 2 arguments, but got 1.
lib/actions/blog.actions.ts(138,5): error TS2554: Expected 2 arguments, but got 1.
lib/actions/blog.actions.ts(153,5): error TS2554: Expected 2 arguments, but got 1.
lib/actions/blog.actions.ts(492,5): error TS2554: Expected 2 arguments, but got 1.
lib/actions/blog.actions.ts(522,5): error TS2554: Expected 2 arguments, but got 1.
lib/actions/blog.actions.ts(559,37): error TS2339: Property 'id' does not exist on type 'IBlogComment[]'.
lib/actions/blog.actions.ts(568,5): error TS2554: Expected 2 arguments, but got 1.
lib/actions/blog.actions.ts(597,35): error TS2339: Property 'id' does not exist on type 'IBlogComment[]'.
lib/actions/blog.actions.ts(617,5): error TS2554: Expected 2 arguments, but got 1.
lib/actions/blog.actions.ts(650,35): error TS2339: Property 'id' does not exist on type 'IBlogComment[]'.
lib/actions/blog.actions.ts(666,5): error TS2554: Expected 2 arguments, but got 1.
lib/actions/blog.actions.ts(696,35): error TS2339: Property 'id' does not exist on type 'IBlogComment[]'.
lib/actions/blog.actions.ts(710,5): error TS2554: Expected 2 arguments, but got 1.
lib/actions/brand.actions.ts(105,12): error TS2352: Conversion of type '{ _id: string; name: string; slug: string; description?: string | undefined; isFeatured?: boolean | undefined; image?: string | undefined; logo?: string | undefined; seoTitle?: string | undefined; seoDescription?: string | undefined; seoKeywords?: string[] | undefined; createdAt: Date; ... 59 more ...; __v: number; }' to type 'IBrand' may be a mistake because neither type sufficiently overlaps with the other. If this was intentional, convert the expression to 'unknown' first.
  Types of property '_id' are incompatible.
    Type 'string' is not comparable to type 'ObjectId'.
lib/actions/category.actions.ts(106,12): error TS2352: Conversion of type '{ _id: string; name: string; slug: string; parent?: (Types.ObjectId | null) | undefined; description?: string | undefined; isFeatured?: boolean | undefined; image?: string | undefined; seoTitle?: string | undefined; seoDescription?: string | undefined; ... 61 more ...; __v: number; }' to type 'ICategory' may be a mistake because neither type sufficiently overlaps with the other. If this was intentional, convert the expression to 'unknown' first.
  Types of property '_id' are incompatible.
    Type 'string' is not comparable to type 'ObjectId'.
lib/actions/category.actions.ts(167,7): error TS2322: Type '{ _id: string; name: string; slug: string; parent?: ObjectId | null | undefined; description?: string | undefined; isFeatured?: boolean | undefined; image?: string | undefined; ... 63 more ...; __v: number; }[]' is not assignable to type 'ICategory[]'.
  Type '{ _id: string; name: string; slug: string; parent?: (Types.ObjectId | null) | undefined; description?: string | undefined; isFeatured?: boolean | undefined; image?: string | undefined; seoTitle?: string | undefined; seoDescription?: string | undefined; ... 61 more ...; __v: number; }' is not assignable to type 'ICategory'.
    Types of property '_id' are incompatible.
      Type 'string' is not assignable to type 'ObjectId'.
lib/actions/delivery-location.actions.ts(86,5): error TS2554: Expected 2 arguments, but got 1.
lib/actions/delivery-location.actions.ts(113,5): error TS2554: Expected 2 arguments, but got 1.
lib/actions/delivery-location.actions.ts(134,5): error TS2554: Expected 2 arguments, but got 1.
lib/actions/notification.actions.ts(149,107): error TS2352: Conversion of type '[(FlattenMaps<IOrder> & Required<{ _id: ObjectId; }> & { __v: number; })[], (FlattenMaps<IReview> & Required<{ _id: ObjectId; }> & { ...; })[], ... 5 more ..., (FlattenMaps<...> & ... 1 more ... & { ...; })[]]' to type '[OrderNotificationSource[], ReviewNotificationSource[], StockSubscriptionNotificationSource[], ... 4 more ..., WalletPayoutNotificationSource[]]' may be a mistake because neither type sufficiently overlaps with the other. If this was intentional, convert the expression to 'unknown' first.
  Type at position 6 in source is not compatible with type at position 6 in target.
    Type '(FlattenMaps<IAffiliatePayout> & Required<{ _id: ObjectId; }> & { __v: number; })[]' is not comparable to type 'AffiliatePayoutNotificationSource[]'.
      Type 'FlattenMaps<IAffiliatePayout> & Required<{ _id: ObjectId; }> & { __v: number; }' is not comparable to type 'AffiliatePayoutNotificationSource'.
        Types of property 'affiliate' are incompatible.
          Property 'affiliateCode' is missing in type 'ObjectId' but required in type '{ affiliateCode: string; user?: { name?: string | undefined; email?: string | undefined; } | null | undefined; }'.
lib/actions/notification.actions.ts(298,106): error TS2339: Property 'name' does not exist on type 'ObjectId'.
lib/actions/notification.actions.ts(312,44): error TS2339: Property 'name' does not exist on type 'ObjectId'.
lib/actions/order.actions.ts(1021,7): error TS2322: Type 'Document<unknown, {}, MergeType<IOrder, { user: { email: string; name: string; }; }>, {}, {}> & Omit<IOrder, "user"> & { user: { email: string; name: string; }; } & Required<...> & { ...; }' is not assignable to type 'IOrder | (IOrder & { user?: { email?: string | undefined; name?: string | undefined; } | undefined; })'.
  Type 'Document<unknown, {}, MergeType<IOrder, { user: { email: string; name: string; }; }>, {}, {}> & Omit<IOrder, "user"> & { user: { email: string; name: string; }; } & Required<...> & { ...; }' is not assignable to type 'IOrder & { user?: { email?: string | undefined; name?: string | undefined; } | undefined; }'.
    Type 'Document<unknown, {}, MergeType<IOrder, { user: { email: string; name: string; }; }>, {}, {}> & Omit<IOrder, "user"> & { user: { email: string; name: string; }; } & Required<...> & { ...; }' is not assignable to type 'IOrder'.
      Types of property 'user' are incompatible.
        Type '{ email: string; name: string; }' is missing the following properties from type 'ObjectId': _bsontype, id, toHexString, toJSON, and 4 more.
lib/actions/order.actions.ts(1065,27): error TS2345: Argument of type 'Document<unknown, {}, MergeType<IOrder, { user: { email: string; name: string; }; }>, {}, {}> & Omit<IOrder, "user"> & { user: { email: string; name: string; }; } & Required<...> & { ...; }' is not assignable to parameter of type 'IOrder | (IOrder & { user?: { email?: string | undefined; name?: string | undefined; } | undefined; })'.
  Type 'Document<unknown, {}, MergeType<IOrder, { user: { email: string; name: string; }; }>, {}, {}> & Omit<IOrder, "user"> & { user: { email: string; name: string; }; } & Required<...> & { ...; }' is not assignable to type 'IOrder & { user?: { email?: string | undefined; name?: string | undefined; } | undefined; }'.
    Type 'Document<unknown, {}, MergeType<IOrder, { user: { email: string; name: string; }; }>, {}, {}> & Omit<IOrder, "user"> & { user: { email: string; name: string; }; } & Required<...> & { ...; }' is not assignable to type 'IOrder'.
      Types of property 'user' are incompatible.
        Type '{ email: string; name: string; }' is missing the following properties from type 'ObjectId': _bsontype, id, toHexString, toJSON, and 4 more.
lib/actions/order.actions.ts(1133,7): error TS2322: Type 'Document<unknown, {}, MergeType<IOrder, { user: { _id: string; email: string; name: string; }; }>, {}, {}> & Omit<IOrder, "user"> & { user: { _id: string; email: string; name: string; }; } & Required<...> & { ...; }' is not assignable to type 'IOrder | (IOrder & { user?: { email?: string | undefined; name?: string | undefined; } | undefined; })'.
  Type 'Document<unknown, {}, MergeType<IOrder, { user: { _id: string; email: string; name: string; }; }>, {}, {}> & Omit<IOrder, "user"> & { user: { _id: string; email: string; name: string; }; } & Required<...> & { ...; }' is not assignable to type 'IOrder & { user?: { email?: string | undefined; name?: string | undefined; } | undefined; }'.
    Type 'Document<unknown, {}, MergeType<IOrder, { user: { _id: string; email: string; name: string; }; }>, {}, {}> & Omit<IOrder, "user"> & { user: { _id: string; email: string; name: string; }; } & Required<...> & { ...; }' is not assignable to type 'IOrder'.
      Types of property 'user' are incompatible.
        Type '{ _id: string; email: string; name: string; }' is missing the following properties from type 'ObjectId': _bsontype, id, toHexString, toJSON, and 3 more.
lib/actions/order.actions.ts(1190,7): error TS2322: Type 'Document<unknown, {}, MergeType<IOrder, { user: { _id: string; email: string; name: string; }; }>, {}, {}> & Omit<IOrder, "user"> & { user: { _id: string; email: string; name: string; }; } & Required<...> & { ...; }' is not assignable to type 'IOrder | (IOrder & { user?: { email?: string | undefined; name?: string | undefined; } | undefined; })'.
  Type 'Document<unknown, {}, MergeType<IOrder, { user: { _id: string; email: string; name: string; }; }>, {}, {}> & Omit<IOrder, "user"> & { user: { _id: string; email: string; name: string; }; } & Required<...> & { ...; }' is not assignable to type 'IOrder & { user?: { email?: string | undefined; name?: string | undefined; } | undefined; }'.
    Type 'Document<unknown, {}, MergeType<IOrder, { user: { _id: string; email: string; name: string; }; }>, {}, {}> & Omit<IOrder, "user"> & { user: { _id: string; email: string; name: string; }; } & Required<...> & { ...; }' is not assignable to type 'IOrder'.
      Types of property 'user' are incompatible.
        Type '{ _id: string; email: string; name: string; }' is missing the following properties from type 'ObjectId': _bsontype, id, toHexString, toJSON, and 3 more.
lib/actions/support.actions.tsx(127,21): error TS18046: 'filter.createdAt' is of type 'unknown'.
lib/actions/support.actions.tsx(128,19): error TS18046: 'filter.createdAt' is of type 'unknown'.
lib/actions/tag.actions.ts(98,12): error TS2352: Conversion of type '{ _id: string; id: string; name: string; slug: string; image: string; description?: string | undefined; createdAt: Date; updatedAt: Date; $assertPopulated: <Paths = {}>(path: string | string[], values?: Partial<Paths> | undefined) => Omit<...> & Paths; ... 56 more ...; __v: number; }' to type 'ITag' may be a mistake because neither type sufficiently overlaps with the other. If this was intentional, convert the expression to 'unknown' first.
  Types of property '_id' are incompatible.
    Type 'string' is not comparable to type 'ObjectId'.
lib/actions/user.actions.ts(11,17): error TS2724: '"mongoose"' has no exported member named 'mongoose'. Did you mean 'Mongoose'?
lib/actions/wishlist.actions.ts(20,16): error TS18048: 'db' is possibly 'undefined'.
lib/actions/wishlist.actions.ts(28,22): error TS18048: 'db' is possibly 'undefined'.
lib/actions/wishlist.actions.ts(34,11): error TS18048: 'db' is possibly 'undefined'.
lib/actions/wishlist.actions.ts(62,24): error TS18048: 'db' is possibly 'undefined'.
lib/actions/wishlist.actions.ts(70,10): error TS18047: 'result' is possibly 'null'.
lib/actions/wishlist.actions.ts(82,24): error TS18048: 'db' is possibly 'undefined'.
lib/actions/wishlist.actions.ts(86,9): error TS2769: No overload matches this call.
  Overload 1 of 4, '(filter: Filter<Document>, update: Document[] | UpdateFilter<Document>, options: FindOneAndUpdateOptions & { ...; }): Promise<...>', gave the following error.
    Type '{ wishlist: mongoose.Types.ObjectId; }' is not assignable to type 'PullOperator<Document>'.
      Type '{ wishlist: mongoose.Types.ObjectId; }' is not assignable to type 'NotAcceptedFields<Document, readonly any[]>'.
        Property 'wishlist' is incompatible with index signature.
          Type 'ObjectId' is not assignable to type 'undefined'.
  Overload 2 of 4, '(filter: Filter<Document>, update: Document[] | UpdateFilter<Document>, options: FindOneAndUpdateOptions & { ...; }): Promise<...>', gave the following error.
    Type '{ wishlist: mongoose.Types.ObjectId; }' is not assignable to type 'PullOperator<Document>'.
      Type '{ wishlist: mongoose.Types.ObjectId; }' is not assignable to type 'NotAcceptedFields<Document, readonly any[]>'.
        Property 'wishlist' is incompatible with index signature.
          Type 'ObjectId' is not assignable to type 'undefined'.
  Overload 3 of 4, '(filter: Filter<Document>, update: Document[] | UpdateFilter<Document>, options: FindOneAndUpdateOptions): Promise<...>', gave the following error.
    Type '{ wishlist: mongoose.Types.ObjectId; }' is not assignable to type 'PullOperator<Document>'.
      Type '{ wishlist: mongoose.Types.ObjectId; }' is not assignable to type 'NotAcceptedFields<Document, readonly any[]>'.
        Property 'wishlist' is incompatible with index signature.
          Type 'ObjectId' is not assignable to type 'undefined'.
lib/actions/wishlist.actions.ts(104,26): error TS18048: 'db' is possibly 'undefined'.
lib/auth.ts(68,43): error TS7031: Binding element 'user' implicitly has an 'any' type.
lib/auth.ts(68,49): error TS7031: Binding element 'newEmail' implicitly has an 'any' type.
lib/auth.ts(68,59): error TS7031: Binding element 'url' implicitly has an 'any' type.
lib/auth.ts(162,25): error TS7031: Binding element 'user' implicitly has an 'any' type.
lib/data.ts(505,7): error TS2353: Object literal may only specify known properties, and 'deliveryCounties' does not exist in type '{ affiliate: { enabled: boolean; commissionRate: number; defaultDiscountRate: number; cookieExpiryDays: number; minWithdrawalAmount: number; }; common: { freeShippingMinPrice: number; pageSize: number; ... 5 more ...; defaultColor: string; }; ... 11 more ...; defaultDeliveryDate: string; }'.
lib/db/models/review.model.ts(4,18): error TS2430: Interface 'IReview' incorrectly extends interface '{ rating: number; comment: string; product: string; user: string; isVerifiedPurchase: boolean; title: string; images: string[]; image?: string | undefined; }'.
  Types of property 'product' are incompatible.
    Type 'ObjectId' is not assignable to type 'string'.
lib/email/templates/transactional/ask-review-order-items.tsx(28,10): error TS2352: Conversion of type '{ _id: string; isPaid: true; paidAt: Date; totalPrice: number; itemsPrice: number; taxPrice: number; shippingPrice: number; user: { name: string; email: string; }; shippingAddress: { fullName: string; ... 5 more ...; province: string; }; items: { ...; }[]; expectedDeliveryDate: Date; isDelivered: true; }' to type 'IOrder' may be a mistake because neither type sufficiently overlaps with the other. If this was intentional, convert the expression to 'unknown' first.
  Type '{ _id: string; isPaid: true; paidAt: Date; totalPrice: number; itemsPrice: number; taxPrice: number; shippingPrice: number; user: { name: string; email: string; }; shippingAddress: { fullName: string; ... 5 more ...; province: string; }; items: { ...; }[]; expectedDeliveryDate: Date; isDelivered: true; }' is missing the following properties from type 'IOrder': isGuest, paymentMethod, coinsEarned, coinsRedeemed, and 62 more.
lib/email/templates/transactional/ask-review-order-items.tsx(114,19): error TS2322: Type 'ObjectId' is not assignable to type 'Key | null | undefined'.
lib/email/templates/transactional/purchase-receipt.tsx(128,19): error TS2322: Type 'ObjectId' is not assignable to type 'Key | null | undefined'.
lib/email/templates/transactional/purchase-receipt.tsx(226,28): error TS2322: Type '{}' is not assignable to type 'ReactNode'.
lib/email/templates/transactional/purchase-receipt.tsx(228,30): error TS2322: Type '{}' is not assignable to type 'ReactNode'.
lib/email/templates/transactional/purchase-receipt.tsx(230,35): error TS2322: Type '{}' is not assignable to type 'ReactNode'.
lib/email/templates/transactional/purchase-receipt.tsx(232,28): error TS2322: Type '{}' is not assignable to type 'ReactNode'.
lib/email/templates/transactional/purchase-receipt.tsx(234,29): error TS2322: Type '{}' is not assignable to type 'ReactNode'.
lib/order-receipt-pdf.ts(68,44): error TS2339: Property 'last4' does not exist on type '{}'.
lib/order-receipt-pdf.ts(70,57): error TS2339: Property 'last4' does not exist on type '{}'.
lib/order-receipt-pdf.ts(70,101): error TS2339: Property 'brand' does not exist on type '{}'.
